###############################################################################
#
# IAR ELF Linker V8.11.3.13950/W32 for ARM                28/Oct/2022  01:47:32
# Copyright 2007-2017 IAR Systems AB.
#
#    Output file  =  C:\EE 474\Lab2\Task1b\Debug\Exe\Task1b.out
#    Map file     =  C:\EE 474\Lab2\Task1b\Debug\List\Task1b.map
#    Command line =  
#        -f C:\Users\stlp\AppData\Local\Temp\EW2015.tmp ("C:\EE
#        474\Lab2\Task1b\Debug\Obj\main.o" -o "C:\EE
#        474\Lab2\Task1b\Debug\Exe\Task1b.out" --map "C:\EE
#        474\Lab2\Task1b\Debug\List\Task1b.map" --config "C:\Program Files
#        (x86)\IAR Systems\Embedded Workbench
#        8.0\arm\config\linker\TexasInstruments\TM4C1294NC.icf" --semihosting
#        --entry __iar_program_start --vfe --text_out locale)
#
###############################################################################

*******************************************************************************
*** RUNTIME MODEL ATTRIBUTES
***

CppFlavor       = *
__Heap_Handler  = Basic
__SystemLibrary = DLib
__dlib_version  = 6


*******************************************************************************
*** HEAP SELECTION
***

The basic heap was selected because some modules are built with
size limitations (and not runtime checking), and --advanced_heap
was not specified.


*******************************************************************************
*** PLACEMENT SUMMARY
***

"A0":  place at 0x00000000 { ro section .intvec };
"P1":  place in [from 0x00000000 to 0x000fffff] { ro };
define block CSTACK with size = 32K, alignment = 8 { };
define block HEAP with size = 64K, alignment = 8 { };
"P2":  place in [from 0x20000000 to 0x2003ffff] {
          rw, block CSTACK, block HEAP };
initialize by copy { rw };

  Section            Kind        Address     Size  Object
  -------            ----        -------     ----  ------
"A0":                                        0x40
  .intvec            ro code  0x00000000     0x40  vector_table_M.o [5]
                            - 0x00000040     0x40

"P1":                                       0xec9
  .text              ro code  0x00000040    0x394  main.o [1]
  .text              ro code  0x000003d4     0x28  printf.o [3]
  .text              ro code  0x000003fc    0x13e  xprintftiny.o [3]
  .text              ro code  0x0000053a      0x2  vector_table_M.o [5]
  .text              ro code  0x0000053c     0x36  strlen.o [5]
  .text              ro code  0x00000574    0x144  heap0.o [3]
  .text              ro code  0x000006b8     0x2c  xgetmemchunk.o [3]
  .text              ro code  0x000006e4     0xd8  xfspos.o [3]
  .text              ro code  0x000007bc     0xac  fflush.o [3]
  .text              ro code  0x00000868      0xc  xfgpos.o [3]
  .text              ro code  0x00000874     0x4c  lseek.o [6]
  .text              ro code  0x000008c0     0x10  write.o [6]
  .text              ro code  0x000008d0     0xcc  XShHandles.o [3]
  .text              ro code  0x0000099c     0x1e  dwrite.o [6]
  .text              ro code  0x000009ba     0x20  iarwstd.o [6]
  .text              ro code  0x000009da     0x22  iarwrite.o [6]
  .text              ro code  0x000009fc     0x68  iarttio.o [6]
  .text              ro code  0x00000a64      0x8  XShttio.o [3]
  .text              ro code  0x00000a6c     0xb4  xfwprep.o [3]
  .text              ro code  0x00000b20     0x24  fseek.o [3]
  .text              ro code  0x00000b44     0x7e  fclose.o [3]
  .text              ro code  0x00000bc4     0x7c  xfofind.o [3]
  .text              ro code  0x00000c40      0x4  heaptramp0.o [3]
  .text              ro code  0x00000c44     0x1a  close.o [6]
  .text              ro code  0x00000c5e     0x16  remove.o [6]
  .text              ro code  0x00000c74     0x56  fputc.o [3]
  .text              ro code  0x00000cca     0x40  zero_init3.o [5]
  .text              ro code  0x00000d0c     0x3c  xcloseall.o [3]
  .text              ro code  0x00000d48     0x38  packbits_init_single.o [5]
  .text              ro code  0x00000d80     0x28  data_init.o [5]
  .text              ro code  0x00000da8     0x22  fpinit_M.o [4]
  .iar.init_table    const    0x00000dcc     0x20  - Linker created -
  .text              ro code  0x00000dec     0x1a  cmain.o [5]
  .text              ro code  0x00000e06      0x4  low_level_init.o [3]
  .text              ro code  0x00000e0a      0x4  exit.o [3]
  .text              ro code  0x00000e10      0xe  cexit.o [5]
  .text              ro code  0x00000e20     0x14  exit.o [6]
  .text              ro code  0x00000e34     0x16  xprout.o [3]
  .text              ro code  0x00000e4c      0xc  putchar.o [3]
  .rodata            const    0x00000e58     0x10  main.o [1]
  .rodata            const    0x00000e68      0xc  main.o [1]
  .text              ro code  0x00000e74      0xc  cstartup_M.o [5]
  .text              ro code  0x00000e80      0x0  cstart_closeall.o [5]
  .rodata            const    0x00000e80      0x0  zero_init3.o [5]
  .rodata            const    0x00000e80      0x0  packbits_init_single.o [5]
  Initializer bytes  const    0x00000e80     0x89  <for P2-1>
                            - 0x00000f09    0xec9

"P2", part 1 of 3:                          0x100
  P2-1                        0x20000000    0x100  <Init block>
    .data            inited   0x20000000     0x48  xfiles.o [3]
    .data            inited   0x20000048     0x48  xfiles.o [3]
    .data            inited   0x20000090     0x48  xfiles.o [3]
    .data            inited   0x200000d8     0x20  xfiles.o [3]
    .data            inited   0x200000f8      0x8  XShttio.o [3]
                            - 0x20000100    0x100

"P2", part 2 of 3:                          0x130
  .bss               zero     0x20000100     0x80  XShHandles.o [3]
  .bss               zero     0x20000180     0x50  xfiles.o [3]
  .bss               zero     0x200001d0     0x50  xfiles.o [3]
  .bss               zero     0x20000220      0x8  heap0.o [3]
  .bss               zero     0x20000228      0x4  xgetmemchunk.o [3]
  .bss               zero     0x2000022c      0x1  main.o [1]
                            - 0x2000022d    0x12d

"P2", part 3 of 3:                        0x18000
  CSTACK                      0x20000230   0x8000  <Block>
    CSTACK           uninit   0x20000230   0x8000  <Block tail>
  HEAP                        0x20008230  0x10000  <Block>
    HEAP             uninit   0x20008230  0x10000  <Block tail>
                            - 0x20018230  0x18000


*******************************************************************************
*** INIT TABLE
***

          Address     Size
          -------     ----
Zero (__iar_zero_init3)
    1 destination range, total size 0x12d:
          0x20000100  0x12d

Copy/packbits (__iar_packbits_init_single3)
    1 source range, total size 0x89 (53% of destination):
          0x00000e80   0x89
    1 destination range, total size 0x100:
          0x20000000  0x100



*******************************************************************************
*** MODULE SUMMARY
***

    Module                  ro code  ro data  rw data
    ------                  -------  -------  -------
C:\EE 474\Lab2\Task1b\Debug\Obj: [1]
    main.o                      916       28        1
    -------------------------------------------------
    Total:                      916       28        1

command line: [2]
    -------------------------------------------------
    Total:

dl7M_tlf.a: [3]
    XShHandles.o                204               128
    XShttio.o                     8        5        8
    exit.o                        4
    fclose.o                    126
    fflush.o                    172
    fputc.o                      86
    fseek.o                      36
    heap0.o                     324                 8
    heaptramp0.o                  4
    low_level_init.o              4
    printf.o                     40
    putchar.o                    12
    xcloseall.o                  60
    xfgpos.o                     12
    xfiles.o                             132      408
    xfofind.o                   124
    xfspos.o                    216
    xfwprep.o                   180
    xgetmemchunk.o               44                 4
    xprintftiny.o               318
    xprout.o                     22
    -------------------------------------------------
    Total:                    1 996      137      556

m7M_tls.a: [4]
    fpinit_M.o                   34
    -------------------------------------------------
    Total:                       34

rt7M_tl.a: [5]
    cexit.o                      14
    cmain.o                      26
    cstart_closeall.o
    cstartup_M.o                 12
    data_init.o                  40
    packbits_init_single.o       56
    strlen.o                     54
    vector_table_M.o             66
    zero_init3.o                 64
    -------------------------------------------------
    Total:                      332

shb_l.a: [6]
    close.o                      26
    dwrite.o                     30
    exit.o                       20
    iarttio.o                   104
    iarwrite.o                   34
    iarwstd.o                    32
    lseek.o                      76
    remove.o                     22
    write.o                      16
    -------------------------------------------------
    Total:                      360

    Gaps                         12        2
    Linker created                        32   98 304
-----------------------------------------------------
    Grand Total:              3 650      199   98 861


*******************************************************************************
*** ENTRY LIST
***

Entry                      Address   Size  Type      Object
-----                      -------   ----  ----      ------
.iar.init_table$$Base   0x00000dcc          --   Gb  - Linker created -
.iar.init_table$$Limit  0x00000dec          --   Gb  - Linker created -
?main                   0x00000ded         Code  Gb  cmain.o [5]
Aldata                  0x20000220    0x8  Data  Lc  heap0.o [3]
CSTACK$$Base            0x20000230          --   Gb  - Linker created -
CSTACK$$Limit           0x20008230          --   Gb  - Linker created -
HEAP$$Base              0x20008230          --   Gb  - Linker created -
HEAP$$Limit             0x20018230          --   Gb  - Linker created -
Ports_init              0x00000257   0xa4  Code  Gb  main.o [1]
Region$$Table$$Base     0x00000dcc          --   Gb  - Linker created -
Region$$Table$$Limit    0x00000dec          --   Gb  - Linker created -
TRAFF_State             0x2000022c    0x1  Data  Gb  main.o [1]
Timer0_Int_Handler      0x000002fb    0x8  Code  Gb  main.o [1]
Timer0_reinit           0x0000030b   0x38  Code  Gb  main.o [1]
Timer1_Int_Handler      0x00000303    0x8  Code  Gb  main.o [1]
Timer1_ON               0x00000343    0x8  Code  Gb  main.o [1]
Traff_Latch             0x0000005d  0x1a8  Code  Gb  main.o [1]
_Close_all              0x00000d0d   0x3c  Code  Gb  xcloseall.o [3]
_Files                  0x200000d8   0x20  Data  Gb  xfiles.o [3]
_Fofree                 0x00000bc5   0x78  Code  Gb  xfofind.o [3]
_Fspos                  0x000006e5   0xd8  Code  Gb  xfspos.o [3]
_Fwprep                 0x00000a6d   0xb4  Code  Gb  xfwprep.o [3]
_Nnl                    0x00000869    0xc  Code  Gb  xfgpos.o [3]
_PrintfTiny             0x00000415  0x126  Code  Gb  xprintftiny.o [3]
_Prout                  0x00000e35   0x16  Code  Gb  xprout.o [3]
__basic_free            0x00000623   0x16  Code  Gb  heap0.o [3]
__basic_free_intern     0x00000639   0x7a  Code  Lc  heap0.o [3]
__basic_malloc          0x00000575   0x18  Code  Gb  heap0.o [3]
__basic_malloc_intern   0x0000058d   0x96  Code  Lc  heap0.o [3]
__cexit_closeall        0x00000e13         Code  Gb  cexit.o [5]
__close                 0x00000c45   0x1a  Code  Gb  close.o [6]
__cmain                 0x00000ded         Code  Gb  cmain.o [5]
__cstart_closeall       0x00000e80         Data  Gb  cstart_closeall.o [5]
__data_GetMemChunk      0x000006b9   0x2c  Code  Gb  xgetmemchunk.o [3]
__data_GetMemChunk::start
                        0x20000228    0x4  Data  Lc  xgetmemchunk.o [3]
__dwrite                0x0000099d   0x1e  Code  Gb  dwrite.o [6]
__exit                  0x00000e21   0x14  Code  Gb  exit.o [6]
__iar_Stderr            0x20000090   0x48  Data  Gb  xfiles.o [3]
__iar_Stdin             0x20000000   0x48  Data  Gb  xfiles.o [3]
__iar_Stdout            0x20000048   0x48  Data  Gb  xfiles.o [3]
__iar_close_ttio        0x000009fd   0x2c  Code  Gb  iarttio.o [6]
__iar_data_init3        0x00000d81   0x28  Code  Gb  data_init.o [5]
__iar_get_ttio          0x00000a29   0x38  Code  Gb  iarttio.o [6]
__iar_init_vfp          0x00000da9         Code  Gb  fpinit_M.o [4]
__iar_lookup_ttioh      0x00000a65    0x8  Code  Gb  XShttio.o [3]
__iar_packbits_init_single3
                        0x00000d49   0x38  Code  Gb  packbits_init_single.o [5]
__iar_program_start     0x00000e75         Code  Gb  cstartup_M.o [5]
__iar_sh_Discard        0x000008d1   0x42  Code  Gb  XShHandles.o [3]
__iar_sh_Move           0x00000913   0x46  Code  Gb  XShHandles.o [3]
__iar_sh_Pos            0x00000959   0x3e  Code  Gb  XShHandles.o [3]
__iar_sh_stdout         0x000009bb   0x20  Code  Gb  iarwstd.o [6]
__iar_sh_write          0x000009db   0x22  Code  Gb  iarwrite.o [6]
__iar_systems$$module {Abs}
                        0x00000001         Data  Gb  command line/config [2]
__iar_ttio_handles      0x200000f8    0x8  Data  Lc  XShttio.o [3]
__iar_zero_init3        0x00000ccb   0x40  Code  Gb  zero_init3.o [5]
__low_level_init        0x00000e07    0x4  Code  Gb  low_level_init.o [3]
__lseek                 0x00000875   0x4c  Code  Gb  lseek.o [6]
__vector_table          0x00000000         Data  Gb  vector_table_M.o [5]
__write                 0x000008c1   0x10  Code  Gb  write.o [6]
_call_main              0x00000df9         Code  Gb  cmain.o [5]
_exit                   0x00000e11         Code  Gb  cexit.o [5]
_main                   0x00000e03         Code  Gb  cmain.o [5]
ebuf                    0x20000180   0x50  Data  Lc  xfiles.o [3]
exit                    0x00000e0b    0x4  Code  Gb  exit.o [3]
fclose                  0x00000b45   0x7e  Code  Gb  fclose.o [3]
fflush                  0x00000831   0x34  Code  Gb  fflush.o [3]
fflushOne               0x000007bd   0x74  Code  Lc  fflush.o [3]
fputc                   0x00000c75   0x56  Code  Gb  fputc.o [3]
free                    0x00000c41    0x4  Code  Gb  heaptramp0.o [3]
fseek                   0x00000b21   0x24  Code  Gb  fseek.o [3]
initialization_timer0   0x00000205   0x26  Code  Gb  main.o [1]
initialization_timer1   0x0000022b   0x2c  Code  Gb  main.o [1]
main                    0x00000041   0x1c  Code  Gb  main.o [1]
obuf                    0x200001d0   0x50  Data  Lc  xfiles.o [3]
out                     0x000003fd   0x18  Code  Lc  xprintftiny.o [3]
printf                  0x000003d5   0x28  Code  Gb  printf.o [3]
putchar                 0x00000e4d    0xc  Code  Gb  putchar.o [3]
remove                  0x00000c5f   0x16  Code  Gb  remove.o [6]
sFileInfo               0x20000100   0x80  Data  Lc  XShHandles.o [3]
strlen                  0x0000053d         Code  Gb  strlen.o [5]


[1] = C:\EE 474\Lab2\Task1b\Debug\Obj
[2] = command line
[3] = dl7M_tlf.a
[4] = m7M_tls.a
[5] = rt7M_tl.a
[6] = shb_l.a

   3 650 bytes of readonly  code memory
     199 bytes of readonly  data memory
  98 861 bytes of readwrite data memory

Errors: none
Warnings: none
